// Jest Snapshot v1, https://goo.gl/fbAQLP

exports[`Animated should render correctly 1`] = `
<div>
  <ForwardRef(MotionComponent)
    animate="exit"
    transition={
      Object {
        "duration": 0.3,
      }
    }
    variants={
      Object {
        "enter": Object {
          "opacity": 1,
        },
        "exit": Object {
          "opacity": 0,
        },
      }
    }
  >
    <NoopComponent />
  </ForwardRef(MotionComponent)>
</div>
`;
