// Jest Snapshot v1, https://goo.gl/fbAQLP

exports[`LoginForm should render correctly 1`] = `
<form
  onSubmit={[Function]}
>
  <label
    className="form__label"
    htmlFor="email"
  >
    email
  </label>
  <input
    className="form__input"
    id="email"
    name="email"
    onChange={[Function]}
    type="email"
    value=""
  />
  <label
    className="form__label"
    htmlFor="password"
  >
    password
  </label>
  <input
    className="form__input"
    id="password"
    name="password"
    onChange={[Function]}
    type="password"
    value=""
  />
  <button
    type="submit"
  >
    Login
  </button>
</form>
`;
